26096
https://t.me/s/PrivateVPNs?before=26096
113808
https://t.me/s/FreeV2rays?before=113808
119
https://t.me/s/DigiV2ray?before=119
995
https://t.me/s/v2rayNG_VPN?before=995
709
https://t.me/s/iranvpnet?before=709
20357
https://t.me/s/configV2rayNG?before=20357
4549
https://t.me/s/vpn_proxy_custom?before=4549
7063
https://t.me/s/vpnmasi?before=7063
8195
https://t.me/s/vip_vpn_2022?before=8195
2581
https://t.me/s/FOX_VPN66?before=2581
4
https://t.me/s/VorTexIRN?before=4
18262
https://t.me/s/Network_442?before=18262
34634
https://t.me/s/ultrasurf_12?before=34634
149
https://t.me/s/God_CONFIG?before=149
https://t.me/s/God_CONFIG?before=128
https://t.me/s/God_CONFIG?before=107
https://t.me/s/God_CONFIG?before=86
https://t.me/s/God_CONFIG?before=65
https://t.me/s/God_CONFIG?before=44
https://t.me/s/God_CONFIG?before=23
https://t.me/s/God_CONFIG?before=2
2056
https://t.me/s/fnet00?before=2056
3054
https://t.me/s/therealaleph?before=3054
918
https://t.me/s/AM_TEAMMM?before=918
2358
https://t.me/s/Lockey_vpn?before=2358
83
https://t.me/s/XsV2ray?before=83
10966
https://t.me/s/shh_proxy?before=10966
3146
https://t.me/s/iTV2RAY?before=3146
70
https://t.me/s/V2rayNGmat?before=70
https://t.me/s/V2rayNGmat?before=49
https://t.me/s/V2rayNGmat?before=28
https://t.me/s/V2rayNGmat?before=7
7120
https://t.me/s/ARv2ray?before=7120
2
https://t.me/s/V2parsin?before=2
7132
https://t.me/s/custom_14?before=7132
4804
https://t.me/s/FreeVlessVpn?before=4804
22248
https://t.me/s/freeland8?before=22248
15210
https://t.me/s/ShadowsocksM?before=15210
1956
https://t.me/s/v2rayan?before=1956
1253
https://t.me/s/Easy_Free_VPN?before=1253
13319
https://t.me/s/V2RAY_VMESS_free?before=13319
5290
https://t.me/s/vpn_ocean?before=5290
7985
https://t.me/s/configV2rayForFree?before=7985
113808
https://t.me/s/FreeV2rays?before=113808
2056
https://t.me/s/fnet00?before=2056
3507
https://t.me/s/V2pedia?before=3507
8422
https://t.me/s/melov2ray?before=8422
7
https://t.me/s/Outlinev2rayNG?before=7
11435
https://t.me/s/iP_CF?before=11435
8389
https://t.me/s/VPNCUSTOMIZE?before=8389
1795
https://t.me/s/Royalping_ir?before=1795
3641
https://t.me/s/rxv2ray?before=3641
240
https://t.me/s/Capital_NET?before=240
6
https://t.me/s/VpnFreeSec?before=6
1
https://t.me/s/lightning6?before=1
675
https://t.me/s/WebShecan?before=675
1263
https://t.me/s/v2Line?before=1263
149
https://t.me/s/God_CONFIG?before=149
https://t.me/s/God_CONFIG?before=128
https://t.me/s/God_CONFIG?before=107
https://t.me/s/God_CONFIG?before=86
https://t.me/s/God_CONFIG?before=65
https://t.me/s/God_CONFIG?before=44
https://t.me/s/God_CONFIG?before=23
https://t.me/s/God_CONFIG?before=2
3750
https://t.me/s/Awlix_ir?before=3750
9998
https://t.me/s/FreakConfig?before=9998
3105
https://t.me/s/frev2ray?before=3105
7063
https://t.me/s/vpnmasi?before=7063
2
https://t.me/s/BestV2rang?before=2
542
https://t.me/s/TPvpn_Official?before=542
631
https://t.me/s/proxyymeliii?before=631
3181
https://t.me/s/MsV2ray?before=3181
10
https://t.me/s/free_v2rayyy?before=10
22891
https://t.me/s/v2ray1_ng?before=22891
84
https://t.me/s/vless_vmess?before=84
4
https://t.me/s/MTConfig?before=4
2
https://t.me/s/V2RayTz?before=2
5087
https://t.me/s/VmessProtocol?before=5087
18235
https://t.me/s/MehradLearn?before=18235
9412
https://t.me/s/SafeNet_Server?before=9412
3687
https://t.me/s/ovpn2?before=3687
7172
https://t.me/s/lrnbymaa?before=7172
7397
https://t.me/s/vpn_tehran?before=7397
2724
https://t.me/s/OutlineVpnOfficial?before=2724
8323
https://t.me/s/v2ray_vpn_ir?before=8323
4714
https://t.me/s/v2_team?before=4714
2177085
https://t.me/s/ConfigsHUB?before=2177085
770
https://t.me/s/V2rayngninja?before=770
9933
https://t.me/s/proxystore11?before=9933
2699
https://t.me/s/yaney_01?before=2699
860
https://t.me/s/rayvps?before=860
21014
https://t.me/s/free1_vpn?before=21014
15464
https://t.me/s/Parsashonam?before=15464
94299
https://t.me/s/Hope_Net?before=94299
17
https://t.me/s/VPNCLOP?before=17
22166
https://t.me/s/VlessConfig?before=22166
6990
https://t.me/s/NIM_VPN_ir?before=6990
1
https://t.me/s/hashmakvpn?before=1
527
https://t.me/s/iran_ray?before=527
17846
https://t.me/s/ServerNett?before=17846
546
https://t.me/s/CloudCityy?before=546
2478
https://t.me/s/Qv2raychannel?before=2478
6
https://t.me/s/Proxy_PJ?before=6
26496
https://t.me/s/V2rayng_Fast?before=26496
96
https://t.me/s/v2ray_swhil?before=96
511
https://t.me/s/V2rayNGn?before=511
26096
https://t.me/s/PrivateVPNs?before=26096
23052
https://t.me/s/DirectVPN?before=23052
3144
https://t.me/s/v2ray_outlineir?before=3144
18446
https://t.me/s/NetAccount?before=18446
27170
https://t.me/s/oneclickvpnkeys?before=27170
11786
https://t.me/s/Outline_Vpn?before=11786
43271
https://t.me/s/prrofile_purple?before=43271
19883
https://t.me/s/ShadowSocks_s?before=19883
10432
https://t.me/s/azadi_az_inja_migzare?before=10432
5
https://t.me/s/customv2ray?before=5
File written successfully
File written successfully
File written successfully
File written successfully
File written successfully
File written successfully
File written successfully
File written successfully
File written successfully
